
> melagro-web@0.1.0 build
> next build --webpack

   Γû▓ Next.js 16.0.7 (webpack)
   - Environments: .env.local

node.exe :  ΓÜá The 
"middleware" file 
convention is 
deprecated. Please 
use "proxy" instead. 
Learn more: https://ne
xtjs.org/docs/messages
/middleware-to-proxy
At line:1 char:1
+ & "C:\Program Files\
nodejs/node.exe" 
"C:\Program 
Files\nodejs/node_mo 
...
+ ~~~~~~~~~~~~~~~~~~~~
~~~~~~~~~~~~~~~~~~~~~~
~~~~~~~~~~~~~~~~~~~~~~
~~~~~
    + CategoryInfo    
          : NotSpeci  
  fied: ( ΓÜá The "   
 middl...leware-to    
-proxy:String) []    
, RemoteException
    + FullyQualifiedE 
   rrorId : NativeCo  
  mmandError
 
   Creating an optimized production build ...
> [PWA] Compile server
> [PWA] Compile server
> [PWA] Compile client (static)
> [PWA] Auto register service worker with: C:\Users\Steve\OneDrive - House Of Procurement\Desktop\Documents\GitHub\Mel-Agro\node_modules\next-pwa\register.js
> [PWA] Service worker: C:\Users\Steve\OneDrive - House Of Procurement\Desktop\Documents\GitHub\Mel-Agro\public\sw.js
> [PWA]   url: /sw.js
> [PWA]   scope: /
Failed to compile.

./node_modules/react-l
eaflet/lib/Attribution
Control.js
Module not found: 
Can't resolve 
'@react-leaflet/core'

https://nextjs.org/doc
s/messages/module-not-
found

Import trace for 
requested module:
./node_modules/react-l
eaflet/lib/index.js
./src/components/check
out/LocationPicker.tsx
./src/app/checkout/pag
e.tsx

./node_modules/react-l
eaflet/lib/Circle.js
Module not found: 
Can't resolve 
'@react-leaflet/core'

https://nextjs.org/doc
s/messages/module-not-
found

Import trace for 
requested module:
./node_modules/react-l
eaflet/lib/index.js
./src/components/check
out/LocationPicker.tsx
./src/app/checkout/pag
e.tsx

./node_modules/react-l
eaflet/lib/CircleMarke
r.js
Module not found: 
Can't resolve 
'@react-leaflet/core'

https://nextjs.org/doc
s/messages/module-not-
found

Import trace for 
requested module:
./node_modules/react-l
eaflet/lib/index.js
./src/components/check
out/LocationPicker.tsx
./src/app/checkout/pag
e.tsx

./node_modules/react-l
eaflet/lib/FeatureGrou
p.js
Module not found: 
Can't resolve 
'@react-leaflet/core'

https://nextjs.org/doc
s/messages/module-not-
found

Import trace for 
requested module:
./node_modules/react-l
eaflet/lib/index.js
./src/components/check
out/LocationPicker.tsx
./src/app/checkout/pag
e.tsx

./node_modules/react-l
eaflet/lib/GeoJSON.js
Module not found: 
Can't resolve 
'@react-leaflet/core'

https://nextjs.org/doc
s/messages/module-not-
found

Import trace for 
requested module:
./node_modules/react-l
eaflet/lib/index.js
./src/components/check
out/LocationPicker.tsx
./src/app/checkout/pag
e.tsx


> Build failed 
because of webpack 
errors
