src/app/cart/page.tsx(53,52): error TS2339: Property 'id' does not exist on type 'CartItem'.
src/app/cart/page.tsx(55,51): error TS2339: Property 'image' does not exist on type 'CartItem'.
src/app/cart/page.tsx(56,66): error TS2339: Property 'image' does not exist on type 'CartItem'.
src/app/cart/page.tsx(56,83): error TS2339: Property 'name' does not exist on type 'CartItem'.
src/app/cart/page.tsx(67,104): error TS2339: Property 'name' does not exist on type 'CartItem'.
src/app/cart/page.tsx(68,93): error TS2339: Property 'category' does not exist on type 'CartItem'.
src/app/cart/page.tsx(69,109): error TS2339: Property 'price' does not exist on type 'CartItem'.
src/app/cart/page.tsx(75,88): error TS2339: Property 'id' does not exist on type 'CartItem'.
src/app/cart/page.tsx(82,88): error TS2339: Property 'id' does not exist on type 'CartItem'.
src/app/cart/page.tsx(90,84): error TS2339: Property 'id' does not exist on type 'CartItem'.
src/app/checkout/page-old.tsx(232,58): error TS2339: Property 'id' does not exist on type 'CartItem'.
src/app/checkout/page-old.tsx(232,73): error TS2339: Property 'name' does not exist on type 'CartItem'.
src/app/checkout/page-old.tsx(232,91): error TS2339: Property 'price' does not exist on type 'CartItem'.
src/app/checkout/page-old.tsx(232,135): error TS2339: Property 'image' does not exist on type 'CartItem'.
src/app/checkout/page.tsx(385,68): error TS2339: Property 'id' does not exist on type 'CartItem'.
src/app/checkout/page.tsx(387,110): error TS2339: Property 'name' does not exist on type 'CartItem'.
src/app/checkout/page.tsx(390,107): error TS2339: Property 'price' does not exist on type 'CartItem'.
src/app/checkout/page.tsx(422,56): error TS2339: Property 'id' does not exist on type 'CartItem'.
src/app/checkout/page.tsx(424,59): error TS2339: Property 'image' does not exist on type 'CartItem'.
src/app/checkout/page.tsx(425,59): error TS2339: Property 'name' does not exist on type 'CartItem'.
src/app/checkout/page.tsx(429,119): error TS2339: Property 'name' does not exist on type 'CartItem'.
src/app/checkout/page.tsx(431,119): error TS2339: Property 'price' does not exist on type 'CartItem'.
src/app/dashboard/admin/products/edit/[id]/page.tsx(6,10): error TS2459: Module '"@/context/ProductContext"' declares 'Product' locally, but it is not exported.
src/app/dashboard/admin/users/page.tsx(75,77): error TS2345: Argument of type 'string | undefined' is not assignable to parameter of type 'string'.
  Type 'undefined' is not assignable to type 'string'.
src/app/dashboard/admin/users/page.tsx(94,64): error TS2345: Argument of type 'string | undefined' is not assignable to parameter of type 'string'.
  Type 'undefined' is not assignable to type 'string'.
src/app/dashboard/user/page-old.tsx(435,51): error TS7006: Parameter 'item' implicitly has an 'any' type.
src/app/dashboard/user/page-old.tsx(435,57): error TS7006: Parameter 'i' implicitly has an 'any' type.
src/app/dashboard/user/page.tsx(23,38): error TS2339: Property 'updateProfile' does not exist on type 'AuthContextType'.
src/app/dashboard/user/page.tsx(24,55): error TS2339: Property 'handleConfirmReceipt' does not exist on type 'OrderContextType'.
src/app/products/[id]/page.tsx(22,22): error TS18048: 'product.description' is possibly 'undefined'.
src/app/products/[id]/page.tsx(25,26): error TS18048: 'product.description' is possibly 'undefined'.
src/app/products/page.tsx(8,10): error TS2459: Module '"@/lib/products"' declares 'Product' locally, but it is not exported.
src/components/CartDrawer.tsx(96,44): error TS2339: Property 'id' does not exist on type 'CartItem'.
src/components/CartDrawer.tsx(98,43): error TS2339: Property 'image' does not exist on type 'CartItem'.
src/components/CartDrawer.tsx(99,58): error TS2339: Property 'image' does not exist on type 'CartItem'.
src/components/CartDrawer.tsx(99,75): error TS2339: Property 'name' does not exist on type 'CartItem'.
src/components/CartDrawer.tsx(110,108): error TS2339: Property 'name' does not exist on type 'CartItem'.
src/components/CartDrawer.tsx(112,80): error TS2339: Property 'id' does not exist on type 'CartItem'.
src/components/CartDrawer.tsx(120,106): error TS2339: Property 'price' does not exist on type 'CartItem'.
src/components/CartDrawer.tsx(123,80): error TS2339: Property 'id' does not exist on type 'CartItem'.
src/components/CartDrawer.tsx(130,80): error TS2339: Property 'id' does not exist on type 'CartItem'.
src/components/checkout/OrderSummary.tsx(40,36): error TS2339: Property 'id' does not exist on type 'CartItem'.
src/components/checkout/OrderSummary.tsx(42,35): error TS2339: Property 'image' does not exist on type 'CartItem'.
src/components/checkout/OrderSummary.tsx(43,50): error TS2339: Property 'image' does not exist on type 'CartItem'.
src/components/checkout/OrderSummary.tsx(43,67): error TS2339: Property 'name' does not exist on type 'CartItem'.
src/components/checkout/OrderSummary.tsx(50,103): error TS2339: Property 'name' does not exist on type 'CartItem'.
src/components/checkout/OrderSummary.tsx(59,94): error TS2339: Property 'price' does not exist on type 'CartItem'.
src/components/FlashSaleStrip.tsx(5,23): error TS2459: Module '"@/lib/products"' declares 'Product' locally, but it is not exported.
src/components/ProductDetails.tsx(8,46): error TS2459: Module '"@/lib/products"' declares 'Product' locally, but it is not exported.
src/components/ProductDetails.tsx(44,46): error TS2345: Argument of type 'string | number' is not assignable to parameter of type 'string'.
  Type 'number' is not assignable to type 'string'.
src/components/ProductDetails.tsx(47,70): error TS2345: Argument of type 'string | number' is not assignable to parameter of type 'string'.
  Type 'number' is not assignable to type 'string'.
src/components/ProductDetails.tsx(49,64): error TS2345: Argument of type 'string | number' is not assignable to parameter of type 'string'.
  Type 'number' is not assignable to type 'string'.
src/components/ProductRow.tsx(5,23): error TS2459: Module '"@/lib/products"' declares 'Product' locally, but it is not exported.
src/context/CartContext.tsx(4,10): error TS2459: Module '"@/lib/products"' declares 'Product' locally, but it is not exported.
src/context/CartContext.tsx(53,53): error TS2339: Property 'id' does not exist on type 'CartItem'.
src/context/CartContext.tsx(57,26): error TS2339: Property 'id' does not exist on type 'CartItem'.
src/context/CartContext.tsx(69,55): error TS2339: Property 'id' does not exist on type 'CartItem'.
src/context/CartContext.tsx(76,18): error TS2339: Property 'id' does not exist on type 'CartItem'.
src/context/CartContext.tsx(88,71): error TS2339: Property 'price' does not exist on type 'CartItem'.
src/context/OrderContext.tsx(28,13): error TS2304: Cannot find name 'Order'.
src/context/OrderContext.tsx(30,28): error TS2304: Cannot find name 'Order'.
src/context/OrderContext.tsx(30,73): error TS2304: Cannot find name 'Order'.
src/context/OrderContext.tsx(31,50): error TS2304: Cannot find name 'Order'.
src/context/OrderContext.tsx(43,42): error TS2304: Cannot find name 'Order'.
src/context/OrderContext.tsx(67,20): error TS2304: Cannot find name 'Order'.
src/context/OrderContext.tsx(109,45): error TS2304: Cannot find name 'Order'.
src/context/OrderContext.tsx(183,63): error TS2304: Cannot find name 'Order'.
src/context/OrderContext.tsx(210,51): error TS2304: Cannot find name 'OrderItem'.
src/context/WishlistContext.tsx(3,10): error TS2459: Module '"@/context/ProductContext"' declares 'Product' locally, but it is not exported.
